// Jest Snapshot v1, https://goo.gl/fbAQLP

exports[` should first show up the message  1`] = `
<Fragment>
  <h1>
    Hola soy Carlos
    !!!
  </h1>
  ;
  <p>
    I am a subtitle
  </p>
  ;
</Fragment>
`;
